// Jest Snapshot v1, https://goo.gl/fbAQLP

exports[`Pruebas en <ToDoList /> Debe mostrarse correctamente 1`] = `
<ul
  className="list-group list-group-flush"
>
  <ToDoListItem
    handleDelete={[MockFunction]}
    handleToggle={[MockFunction]}
    index={0}
    key="1"
    toDo={
      Object {
        "desc": "Aprender",
        "done": false,
        "id": 1,
      }
    }
  />
  <ToDoListItem
    handleDelete={[MockFunction]}
    handleToggle={[MockFunction]}
    index={1}
    key="2"
    toDo={
      Object {
        "desc": "Aprender ajjau",
        "done": false,
        "id": 2,
      }
    }
  />
</ul>
`;
